// Jest Snapshot v1, https://goo.gl/fbAQLP

exports[`App snapshot 1`] = `
<RCTSafeAreaView
  emulateUnlessSupported={true}
  style={
    Object {
      "backgroundColor": "rgba(0,0,0,0.7)",
      "flex": 1,
    }
  }
>
  <View
    style={
      Object {
        "flex": 1,
        "flexDirection": "row",
        "maxHeight": 84,
        "paddingHorizontal": 21,
      }
    }
  >
    <View
      style={
        Object {
          "alignItems": "flex-start",
          "flex": 1,
          "flexDirection": "row",
        }
      }
    >
      <View
        accessible={true}
        focusable={true}
        onClick={[Function]}
        onResponderGrant={[Function]}
        onResponderMove={[Function]}
        onResponderRelease={[Function]}
        onResponderTerminate={[Function]}
        onResponderTerminationRequest={[Function]}
        onStartShouldSetResponder={[Function]}
        style={
          Object {
            "alignSelf": "center",
            "backgroundColor": "#3576E1",
            "borderColor": "#3576E1",
            "borderRadius": 7,
            "borderWidth": 1,
            "opacity": 1,
            "paddingHorizontal": 14,
            "paddingVertical": 7,
          }
        }
      >
        <Text
          style={
            Array [
              Object {
                "color": "#fff",
                "fontSize": 28,
              },
              Object {
                "color": "#fff",
                "textAlign": "center",
              },
            ]
          }
        >
          Restart
        </Text>
      </View>
    </View>
    <View
      style={
        Object {
          "alignItems": "center",
          "flex": 1,
          "flexDirection": "row",
          "justifyContent": "flex-end",
        }
      }
    >
      <Text
        style={
          Object {
            "color": "#fff",
            "fontSize": 35,
          }
        }
      >
        Steps:
      </Text>
      <Text
        style={
          Object {
            "color": "#3576E1",
            "fontSize": 42,
            "paddingLeft": 7,
          }
        }
      >
        0
      </Text>
    </View>
  </View>
  <View
    onLayout={[Function]}
    style={
      Object {
        "flex": 1,
        "flexDirection": "row",
        "flexWrap": "wrap",
        "justifyContent": "space-between",
        "paddingHorizontal": 21,
      }
    }
  />
</RCTSafeAreaView>
`;
